INFO:root:Cambio de estado a: Buscando Camino (Genético)
INFO:root:Intento 1 de encontrar camino
WARNING:root:Intento 1 fallido. Reintentando...
INFO:root:Intento 2 de encontrar camino
WARNING:root:Intento 2 fallido. Reintentando...
INFO:root:Intento 3 de encontrar camino
INFO:root:Camino encontrado: [(6, 0), (5, 0), (6, 0), (7, 0), (7, 1), (8, 1), (8, 2), (8, 3), (8, 4), (8, 5), (7, 5), (7, 6), (7, 7), (7, 8), (8, 8), (8, 7), (9, 7), (9, 8), (8, 8), (8, 9), (8, 8), (9, 8), (9, 7), (9, 8), (9, 9)]
INFO:root:Cambio de estado a: Moviendo Jugador
INFO:root:Cambio de estado a: Llegada
INFO:root:Nuevos parámetros: POB=120, GEN=230, MUT=0.16999999999999998
INFO:root:Cambio de estado a: Inicio
INFO:root:Cambio de estado a: Buscando Camino (Genético)
INFO:root:Intento 1 de encontrar camino
WARNING:root:Intento 1 fallido. Reintentando...
INFO:root:Intento 2 de encontrar camino
WARNING:root:Intento 2 fallido. Reintentando...
INFO:root:Intento 3 de encontrar camino
INFO:root:Camino encontrado: [(6, 0), (5, 0), (5, 1), (6, 1), (6, 0), (7, 0), (7, 1), (8, 1), (7, 1), (7, 2), (8, 2), (9, 2), (9, 3), (9, 4), (9, 5), (9, 6), (9, 7), (8, 7), (7, 7), (7, 6), (7, 7), (7, 8), (7, 9), (8, 9), (9, 9)]
INFO:root:Cambio de estado a: Moviendo Jugador
INFO:root:Cambio de estado a: Llegada
INFO:root:Nuevos parámetros: POB=140, GEN=260, MUT=0.18999999999999997
INFO:root:Cambio de estado a: Inicio
INFO:root:Cambio de estado a: Buscando Camino (Genético)
INFO:root:Intento 1 de encontrar camino
INFO:root:Camino encontrado: [(6, 0), (6, 1), (5, 1), (5, 0), (6, 0), (7, 0), (7, 1), (8, 1), (8, 2), (9, 2), (9, 1), (9, 2), (9, 3), (9, 4), (8, 4), (8, 5), (9, 5), (9, 6), (9, 7), (9, 8), (9, 9)]
INFO:root:Cambio de estado a: Moviendo Jugador
INFO:root:Cambio de estado a: Llegada
INFO:root:Nuevos parámetros: POB=160, GEN=290, MUT=0.20999999999999996
INFO:root:Cambio de estado a: Inicio
INFO:root:Cambio de estado a: Buscando Camino (Genético)
INFO:root:Intento 1 de encontrar camino
WARNING:root:Intento 1 fallido. Reintentando...
INFO:root:Intento 2 de encontrar camino
WARNING:root:Intento 2 fallido. Reintentando...
INFO:root:Intento 3 de encontrar camino
WARNING:root:Intento 3 fallido. Reintentando...
ERROR:root:No se pudo encontrar un camino después de varios intentos
INFO:root:Cambio de estado a: Sin Camino
INFO:root:Nuevos parámetros: POB=180, GEN=300, MUT=0.22999999999999995
INFO:root:Cambio de estado a: Inicio
INFO:root:Cambio de estado a: Buscando Camino (Genético)
INFO:root:Intento 1 de encontrar camino
WARNING:root:Intento 1 fallido. Reintentando...
INFO:root:Intento 2 de encontrar camino
INFO:root:Camino encontrado: [(6, 0), (5, 0), (4, 0), (4, 1), (5, 1), (6, 1), (7, 1), (7, 0), (8, 0), (8, 1), (8, 0), (8, 1), (8, 2), (8, 3), (8, 4), (7, 4), (7, 5), (8, 5), (7, 5), (7, 6), (7, 7), (8, 7), (9, 7), (9, 8), (9, 9)]
INFO:root:Cambio de estado a: Moviendo Jugador
INFO:root:Cambio de estado a: Llegada
INFO:root:Cambio de estado a: Buscando Camino (Genético)
INFO:root:Intento 1 de encontrar camino desde (1, 0)
WARNING:root:Intento 1 fallido. Reintentando...
INFO:root:Intento 2 de encontrar camino desde (1, 0)
WARNING:root:Intento 2 fallido. Reintentando...
INFO:root:Intento 3 de encontrar camino desde (1, 0)
WARNING:root:Intento 3 fallido. Reintentando...
ERROR:root:No se pudo encontrar un camino después de varios intentos
INFO:root:Cambio de estado a: Sin Camino
INFO:root:Cambio de estado a: Inicio
INFO:root:Cambio de estado a: Buscando Camino (Genético)
INFO:root:Intento 1 de encontrar camino desde (5, 5)
INFO:root:Camino encontrado: [(5, 5), (5, 6), (6, 6), (6, 7), (6, 8), (7, 8), (8, 8), (8, 7), (9, 7), (9, 8), (9, 9)]
INFO:root:Cambio de estado a: Moviendo Jugador
INFO:root:Cambio de estado a: Llegada
INFO:root:Cambio de estado a: Inicio
INFO:root:Cambio de estado a: Buscando Camino (Genético)
INFO:root:Intento 1 de encontrar camino desde (7, 8)
INFO:root:Camino encontrado: [(7, 8), (8, 8), (9, 8), (9, 9)]
INFO:root:Cambio de estado a: Moviendo Jugador
INFO:root:Cambio de estado a: Llegada
INFO:root:Cambio de estado a: Inicio
INFO:root:Cambio de estado a: Buscando Camino (Genético)
INFO:root:Intento 1 de encontrar camino desde (2, 1)
WARNING:root:Intento 1 fallido. Reintentando...
INFO:root:Intento 2 de encontrar camino desde (2, 1)
WARNING:root:Intento 2 fallido. Reintentando...
INFO:root:Intento 3 de encontrar camino desde (2, 1)
WARNING:root:Intento 3 fallido. Reintentando...
ERROR:root:No se pudo encontrar un camino después de varios intentos
INFO:root:Cambio de estado a: Sin Camino
INFO:root:Cambio de estado a: Inicio
INFO:root:Cambio de estado a: Buscando Camino (Genético)
INFO:root:Intento 1 de encontrar camino desde (1, 2)
WARNING:root:Intento 1 fallido. Reintentando...
INFO:root:Intento 2 de encontrar camino desde (1, 2)
INFO:root:Camino encontrado: [(1, 2), (1, 3), (1, 2), (2, 2), (3, 2), (3, 1), (2, 1), (3, 1), (3, 0), (4, 0), (5, 0), (6, 0), (7, 0), (6, 0), (6, 1), (7, 1), (7, 2), (8, 2), (8, 3), (8, 4), (8, 5), (9, 5), (9, 6), (9, 7), (9, 8), (8, 8), (7, 8), (7, 9), (8, 9), (9, 9)]
INFO:root:Cambio de estado a: Moviendo Jugador
INFO:root:Cambio de estado a: Llegada
INFO:root:Cambio de estado a: Inicio
INFO:root:Cambio de estado a: Buscando Camino (Genético)
INFO:root:Intento 1 de encontrar camino desde (0, 2)
WARNING:root:Intento 1 fallido. Reintentando...
INFO:root:Intento 2 de encontrar camino desde (0, 2)
WARNING:root:Intento 2 fallido. Reintentando...
INFO:root:Intento 3 de encontrar camino desde (0, 2)
INFO:root:Camino encontrado: [(0, 2), (0, 3), (0, 4), (0, 5), (0, 6), (0, 7), (0, 8), (1, 8), (1, 9), (2, 9), (2, 8), (3, 8), (3, 7), (2, 7), (3, 7), (3, 8), (3, 9), (4, 9), (5, 9), (4, 9), (5, 9), (6, 9), (7, 9), (8, 9), (9, 9)]
INFO:root:Cambio de estado a: Moviendo Jugador
INFO:root:Cambio de estado a: Llegada
INFO:root:Cambio de estado a: Inicio
INFO:root:Cambio de estado a: Buscando Camino (Genético)
INFO:root:Intento 1 de encontrar camino desde (0, 3)
WARNING:root:Intento 1 fallido. Reintentando...
INFO:root:Intento 2 de encontrar camino desde (0, 3)
WARNING:root:Intento 2 fallido. Reintentando...
INFO:root:Intento 3 de encontrar camino desde (0, 3)
WARNING:root:Intento 3 fallido. Reintentando...
ERROR:root:No se pudo encontrar un camino después de varios intentos
INFO:root:Cambio de estado a: Sin Camino
INFO:root:Cambio de estado a: Inicio
INFO:root:Cambio de estado a: Buscando Camino (Genético)
INFO:root:Intento 1 de encontrar camino desde (0, 8)
WARNING:root:Intento 1 fallido. Reintentando...
INFO:root:Intento 2 de encontrar camino desde (0, 8)
INFO:root:Camino encontrado: [(0, 8), (1, 8), (2, 8), (2, 7), (2, 6), (3, 6), (4, 6), (5, 6), (6, 6), (7, 6), (7, 7), (8, 7), (8, 8), (8, 9), (9, 9)]
INFO:root:Cambio de estado a: Moviendo Jugador
INFO:root:Cambio de estado a: Llegada
INFO:root:Cambio de estado a: Inicio
INFO:root:Cambio de estado a: Buscando Camino (Genético)
INFO:root:Intento 1 de encontrar camino desde (5, 1)
WARNING:root:Intento 1 fallido. Reintentando...
INFO:root:Intento 2 de encontrar camino desde (5, 1)
WARNING:root:Intento 2 fallido. Reintentando...
INFO:root:Intento 3 de encontrar camino desde (5, 1)
WARNING:root:Intento 3 fallido. Reintentando...
ERROR:root:No se pudo encontrar un camino después de varios intentos
INFO:root:Cambio de estado a: Sin Camino
INFO:root:Cambio de estado a: Inicio
INFO:root:Cambio de estado a: Buscando Camino (Genético)
INFO:root:Intento 1 de encontrar camino desde (5, 9)
INFO:root:Camino encontrado: [(5, 9), (4, 9), (5, 9), (6, 9), (7, 9), (8, 9), (9, 9)]
INFO:root:Cambio de estado a: Moviendo Jugador
INFO:root:Cambio de estado a: Llegada
INFO:root:Cambio de estado a: Inicio
INFO:root:Cambio de estado a: Buscando Camino (Genético)
INFO:root:Intento 1 de encontrar camino desde (9, 3)
INFO:root:Camino encontrado: [(9, 3), (8, 3), (7, 3), (7, 4), (7, 5), (8, 5), (8, 4), (9, 4), (9, 5), (9, 6), (9, 7), (9, 8), (9, 9)]
INFO:root:Cambio de estado a: Moviendo Jugador
INFO:root:Cambio de estado a: Llegada
INFO:root:Cambio de estado a: Inicio
INFO:root:Cambio de estado a: Buscando Camino (Genético)
INFO:root:Intento 1 de encontrar camino desde (3, 0)
WARNING:root:Intento 1 fallido. Reintentando...
INFO:root:Intento 2 de encontrar camino desde (3, 0)
WARNING:root:Intento 2 fallido. Reintentando...
INFO:root:Intento 3 de encontrar camino desde (3, 0)
WARNING:root:Intento 3 fallido. Reintentando...
ERROR:root:No se pudo encontrar un camino después de varios intentos
INFO:root:Cambio de estado a: Sin Camino
INFO:root:Cambio de estado a: Inicio
INFO:root:Cambio de estado a: Buscando Camino (Genético)
INFO:root:Intento 1 de encontrar camino desde (7, 9)
INFO:root:Camino encontrado: [(7, 9), (8, 9), (9, 9)]
INFO:root:Cambio de estado a: Moviendo Jugador
INFO:root:Cambio de estado a: Llegada
INFO:root:Cambio de estado a: Inicio
INFO:root:Cambio de estado a: Buscando Camino (Genético)
INFO:root:Intento 1 de encontrar camino desde (5, 7)
INFO:root:Camino encontrado: [(5, 7), (5, 6), (4, 6), (5, 6), (5, 7), (6, 7), (6, 8), (7, 8), (7, 9), (8, 9), (9, 9)]
INFO:root:Cambio de estado a: Moviendo Jugador
INFO:root:Cambio de estado a: Llegada
INFO:root:Cambio de estado a: Inicio
INFO:root:Cambio de estado a: Buscando Camino (Genético)
INFO:root:Intento 1 de encontrar camino desde (3, 5)
INFO:root:Camino encontrado: [(3, 5), (3, 6), (4, 6), (4, 5), (4, 6), (5, 6), (5, 7), (6, 7), (6, 8), (7, 8), (8, 8), (9, 8), (9, 9)]
INFO:root:Cambio de estado a: Moviendo Jugador
INFO:root:Cambio de estado a: Llegada
INFO:root:Cambio de estado a: Inicio
INFO:root:Cambio de estado a: Buscando Camino (Genético)
INFO:root:Intento 1 de encontrar camino desde (2, 7)
INFO:root:Camino encontrado: [(2, 7), (3, 7), (3, 8), (4, 8), (5, 8), (5, 9), (6, 9), (6, 8), (7, 8), (7, 9), (7, 8), (8, 8), (8, 9), (9, 9)]
INFO:root:Cambio de estado a: Moviendo Jugador
INFO:root:Cambio de estado a: Llegada
INFO:root:Cambio de estado a: Inicio
INFO:root:Cambio de estado a: Buscando Camino (Genético)
INFO:root:Intento 1 de encontrar camino desde (9, 3)
INFO:root:Camino encontrado: [(9, 3), (8, 3), (9, 3), (9, 4), (8, 4), (8, 5), (9, 5), (9, 6), (9, 7), (8, 7), (8, 8), (9, 8), (9, 9)]
INFO:root:Cambio de estado a: Moviendo Jugador
INFO:root:Cambio de estado a: Llegada
INFO:root:Cambio de estado a: Inicio
INFO:root:Cambio de estado a: Buscando Camino (Genético)
INFO:root:Intento 1 de encontrar camino desde (2, 2)
WARNING:root:Intento 1 fallido. Reintentando...
INFO:root:Intento 2 de encontrar camino desde (2, 2)
WARNING:root:Intento 2 fallido. Reintentando...
INFO:root:Intento 3 de encontrar camino desde (2, 2)
WARNING:root:Intento 3 fallido. Reintentando...
ERROR:root:No se pudo encontrar un camino después de varios intentos
INFO:root:Cambio de estado a: Buscando Camino (Genético)
INFO:root:Intento 1 de encontrar camino desde (1, 9)
INFO:root:Camino encontrado: [(1, 9), (0, 9), (1, 9), (1, 8), (1, 7), (0, 7), (0, 8), (1, 8), (2, 8), (2, 9), (3, 9), (3, 8), (3, 9), (3, 8), (3, 9), (4, 9), (5, 9), (6, 9), (7, 9), (8, 9), (9, 9)]
INFO:root:Cambio de estado a: Moviendo Jugador
INFO:root:Cambio de estado a: Llegada
INFO:root:Cambio de estado a: Inicio
INFO:root:Cambio de estado a: Buscando Camino (Genético)
INFO:root:Intento 1 de encontrar camino desde (0, 8)
WARNING:root:Intento 1 fallido. Reintentando...
INFO:root:Intento 2 de encontrar camino desde (0, 8)
INFO:root:Camino encontrado: [(0, 8), (0, 9), (1, 9), (2, 9), (2, 8), (1, 8), (1, 7), (2, 7), (3, 7), (2, 7), (3, 7), (3, 8), (3, 7), (3, 8), (3, 9), (4, 9), (5, 9), (6, 9), (7, 9), (8, 9), (9, 9)]
INFO:root:Cambio de estado a: Moviendo Jugador
INFO:root:Cambio de estado a: Llegada
INFO:root:Cambio de estado a: Inicio
INFO:root:Cambio de estado a: Buscando Camino (Genético)
INFO:root:Intento 1 de encontrar camino desde (0, 8)
WARNING:root:Intento 1 fallido. Reintentando...
INFO:root:Intento 2 de encontrar camino desde (0, 8)
WARNING:root:Intento 2 fallido. Reintentando...
INFO:root:Intento 3 de encontrar camino desde (0, 8)
WARNING:root:Intento 3 fallido. Reintentando...
ERROR:root:No se pudo encontrar un camino después de varios intentos
INFO:root:Cambio de estado a: Sin Camino
INFO:root:Cambio de estado a: Inicio
INFO:root:Cambio de estado a: Buscando Camino (Genético)
INFO:root:Intento 1 de encontrar camino desde (0, 9)
INFO:root:Camino encontrado: [(0, 9), (0, 8), (0, 9), (0, 8), (0, 9), (0, 8), (0, 9), (1, 9), (2, 9), (3, 9), (4, 9), (5, 9), (4, 9), (5, 9), (6, 9), (5, 9), (6, 9), (7, 9), (8, 9), (9, 9)]
INFO:root:Cambio de estado a: Moviendo Jugador
INFO:root:Cambio de estado a: Llegada
INFO:root:Cambio de estado a: Buscando Camino (Genético)
INFO:root:Intento 1 de encontrar camino desde (1, 2)
WARNING:root:Intento 1 fallido. Reintentando...
INFO:root:Intento 2 de encontrar camino desde (1, 2)
WARNING:root:Intento 2 fallido. Reintentando...
INFO:root:Intento 3 de encontrar camino desde (1, 2)
WARNING:root:Intento 3 fallido. Reintentando...
ERROR:root:No se pudo encontrar un camino después de varios intentos
INFO:root:Cambio de estado a: Sin Camino
INFO:root:Cambio de estado a: Inicio
INFO:root:Cambio de estado a: Buscando Camino (Genético)
INFO:root:Intento 1 de encontrar camino desde (1, 2)
WARNING:root:Intento 1 fallido. Reintentando...
INFO:root:Intento 2 de encontrar camino desde (1, 2)
WARNING:root:Intento 2 fallido. Reintentando...
INFO:root:Intento 3 de encontrar camino desde (1, 2)
WARNING:root:Intento 3 fallido. Reintentando...
ERROR:root:No se pudo encontrar un camino después de varios intentos
INFO:root:Cambio de estado a: Buscando Camino (Genético)
INFO:root:Intento 1 de encontrar camino
WARNING:root:Intento 1 fallido. Reintentando...
INFO:root:Intento 2 de encontrar camino
WARNING:root:Intento 2 fallido. Reintentando...
INFO:root:Intento 3 de encontrar camino
WARNING:root:Intento 3 fallido. Reintentando...
ERROR:root:No se pudo encontrar un camino después de varios intentos
INFO:root:Cambio de estado a: Sin Camino
INFO:root:Nuevos parámetros: POB=120, GEN=230, MUT=0.16999999999999998
INFO:root:Cambio de estado a: Inicio
INFO:root:Cambio de estado a: Buscando Camino (Genético)
INFO:root:Intento 1 de encontrar camino
WARNING:root:Intento 1 fallido. Reintentando...
INFO:root:Intento 2 de encontrar camino
WARNING:root:Intento 2 fallido. Reintentando...
INFO:root:Intento 3 de encontrar camino
WARNING:root:Intento 3 fallido. Reintentando...
ERROR:root:No se pudo encontrar un camino después de varios intentos
INFO:root:Cambio de estado a: Buscando Camino (Genético)
INFO:root:Intento 1 de encontrar camino desde (7, 6)
INFO:root:Camino encontrado: [(7, 6), (6, 6), (6, 7), (6, 8), (7, 8), (8, 8), (8, 7), (9, 7), (9, 8), (8, 8), (8, 9), (9, 9)]
INFO:root:Cambio de estado a: Moviendo Jugador
INFO:root:Cambio de estado a: Llegada
INFO:root:Cambio de estado a: Inicio
INFO:root:Cambio de estado a: Buscando Camino (Genético)
INFO:root:Intento 1 de encontrar camino desde (7, 9)
INFO:root:Camino encontrado: [(7, 9), (8, 9), (9, 9)]
INFO:root:Cambio de estado a: Moviendo Jugador
INFO:root:Cambio de estado a: Llegada
INFO:root:Cambio de estado a: Inicio
INFO:root:Cambio de estado a: Buscando Camino (Genético)
INFO:root:Intento 1 de encontrar camino desde (8, 0)
INFO:root:Camino encontrado: [(8, 0), (7, 0), (6, 0), (6, 1), (7, 1), (8, 1), (8, 0), (9, 0), (9, 1), (9, 2), (9, 3), (9, 4), (8, 4), (8, 5), (9, 5), (9, 6), (9, 7), (9, 8), (9, 9)]
INFO:root:Cambio de estado a: Moviendo Jugador
INFO:root:Cambio de estado a: Llegada
INFO:root:Cambio de estado a: Inicio
INFO:root:Cambio de estado a: Buscando Camino (Genético)
INFO:root:Intento 1 de encontrar camino desde (3, 4)
WARNING:root:Intento 1 fallido. Reintentando...
INFO:root:Intento 2 de encontrar camino desde (3, 4)
INFO:root:Camino encontrado: [(3, 4), (3, 5), (3, 6), (3, 7), (3, 8), (2, 8), (2, 7), (2, 6), (1, 6), (0, 6), (0, 7), (1, 7), (1, 6), (1, 5), (2, 5), (3, 5), (3, 6), (4, 6), (4, 5), (4, 6), (5, 6), (5, 7), (6, 7), (6, 8), (7, 8), (8, 8), (9, 8), (9, 9)]
INFO:root:Cambio de estado a: Moviendo Jugador
INFO:root:Cambio de estado a: Llegada
INFO:root:Cambio de estado a: Inicio
INFO:root:Cambio de estado a: Buscando Camino (Genético)
INFO:root:Intento 1 de encontrar camino desde (6, 0)
WARNING:root:Intento 1 fallido. Reintentando...
INFO:root:Intento 2 de encontrar camino desde (6, 0)
WARNING:root:Intento 2 fallido. Reintentando...
INFO:root:Intento 3 de encontrar camino desde (6, 0)
WARNING:root:Intento 3 fallido. Reintentando...
ERROR:root:No se pudo encontrar un camino después de varios intentos
INFO:root:Cambio de estado a: Sin Camino
INFO:root:Cambio de estado a: Buscando Camino (Genético)
INFO:root:Intento 1 de encontrar camino desde (1, 9)
INFO:root:Camino encontrado: [(1, 9), (2, 9), (1, 9), (0, 9), (0, 8), (1, 8), (1, 7), (2, 7), (2, 8), (2, 9), (3, 9), (4, 9), (5, 9), (6, 9), (5, 9), (6, 9), (7, 9), (8, 9), (7, 9), (7, 8), (8, 8), (8, 9), (9, 9)]
INFO:root:Cambio de estado a: Moviendo Jugador
INFO:root:Cambio de estado a: Llegada
INFO:root:Cambio de estado a: Inicio
INFO:root:Cambio de estado a: Buscando Camino (Genético)
INFO:root:Intento 1 de encontrar camino desde (1, 9)
INFO:root:Camino encontrado: [(1, 9), (1, 8), (2, 8), (2, 9), (2, 8), (2, 9), (1, 9), (0, 9), (0, 8), (0, 7), (0, 6), (1, 6), (1, 7), (2, 7), (2, 8), (3, 8), (3, 9), (4, 9), (5, 9), (5, 8), (5, 7), (6, 7), (6, 8), (7, 8), (8, 8), (9, 8), (9, 9)]
INFO:root:Cambio de estado a: Moviendo Jugador
INFO:root:Cambio de estado a: Buscando Camino (Genético)
INFO:root:Intento 1 de encontrar camino desde (0, 8)
INFO:root:Camino encontrado: [(0, 8), (1, 8), (2, 8), (2, 9), (3, 9), (4, 9), (5, 9), (5, 8), (6, 8), (7, 8), (8, 8), (8, 9), (9, 9)]
INFO:root:Cambio de estado a: Moviendo Jugador
INFO:root:Cambio de estado a: Llegada
INFO:root:Cambio de estado a: Inicio
INFO:root:Cambio de estado a: Buscando Camino (Genético)
INFO:root:Intento 1 de encontrar camino desde (1, 9)
WARNING:root:Intento 1 fallido. Reintentando...
INFO:root:Intento 2 de encontrar camino desde (1, 9)
INFO:root:Camino encontrado: [(1, 9), (2, 9), (1, 9), (0, 9), (0, 8), (1, 8), (1, 7), (2, 7), (2, 6), (2, 5), (1, 5), (1, 6), (2, 6), (3, 6), (3, 7), (3, 6), (4, 6), (4, 5), (4, 6), (5, 6), (6, 6), (6, 7), (6, 8), (7, 8), (8, 8), (9, 8), (9, 9)]
INFO:root:Cambio de estado a: Moviendo Jugador
INFO:root:Cambio de estado a: Llegada
INFO:root:Cambio de estado a: Inicio
INFO:root:Cambio de estado a: Buscando Camino (Genético)
INFO:root:Intento 1 de encontrar camino desde (0, 9)
INFO:root:Camino encontrado: [(0, 9), (1, 9), (0, 9), (1, 9), (1, 8), (1, 9), (2, 9), (2, 8), (3, 8), (4, 8), (5, 8), (5, 9), (6, 9), (6, 8), (7, 8), (7, 9), (7, 8), (7, 9), (7, 8), (8, 8), (8, 9), (9, 9)]
INFO:root:Cambio de estado a: Moviendo Jugador
INFO:root:Cambio de estado a: Llegada
INFO:root:Cambio de estado a: Inicio
INFO:root:Cambio de estado a: Buscando Camino (Genético)
INFO:root:Intento 1 de encontrar camino desde (0, 8)
INFO:root:Camino encontrado: [(0, 8), (0, 7), (0, 6), (1, 6), (1, 7), (1, 8), (2, 8), (3, 8), (3, 9), (4, 9), (5, 9), (5, 8), (5, 9), (4, 9), (5, 9), (6, 9), (6, 8), (7, 8), (7, 9), (8, 9), (8, 8), (8, 7), (8, 8), (9, 8), (9, 9)]
INFO:root:Cambio de estado a: Moviendo Jugador
INFO:root:Cambio de estado a: Llegada
INFO:root:Cambio de estado a: Inicio
INFO:root:Cambio de estado a: Buscando Camino (Genético)
INFO:root:Intento 1 de encontrar camino desde (1, 9)
INFO:root:Camino encontrado: [(1, 9), (2, 9), (2, 8), (3, 8), (3, 9), (4, 9), (5, 9), (5, 8), (5, 9), (6, 9), (7, 9), (8, 9), (8, 8), (9, 8), (9, 9)]
INFO:root:Cambio de estado a: Moviendo Jugador
INFO:root:Cambio de estado a: Llegada
INFO:root:Cambio de estado a: Inicio
INFO:root:Cambio de estado a: Buscando Camino (Genético)
INFO:root:Intento 1 de encontrar camino desde (1, 9)
INFO:root:Camino encontrado: [(1, 9), (0, 9), (0, 8), (1, 8), (1, 7), (2, 7), (2, 8), (3, 8), (3, 9), (4, 9), (5, 9), (6, 9), (6, 8), (7, 8), (7, 9), (6, 9), (7, 9), (6, 9), (7, 9), (8, 9), (8, 8), (8, 9), (9, 9)]
INFO:root:Cambio de estado a: Moviendo Jugador
INFO:root:Cambio de estado a: Llegada
INFO:root:Cambio de estado a: Inicio
INFO:root:Cambio de estado a: Buscando Camino (Genético)
INFO:root:Intento 1 de encontrar camino desde (0, 9)
INFO:root:Camino encontrado: [(0, 9), (0, 8), (1, 8), (0, 8), (0, 9), (1, 9), (2, 9), (2, 8), (2, 7), (3, 7), (3, 8), (3, 9), (4, 9), (5, 9), (5, 8), (5, 9), (6, 9), (7, 9), (8, 9), (9, 9)]
INFO:root:Cambio de estado a: Moviendo Jugador
INFO:root:Cambio de estado a: Buscando Camino (Genético)
INFO:root:Intento 1 de encontrar camino desde (6, 1)
WARNING:root:Intento 1 fallido. Reintentando...
INFO:root:Intento 2 de encontrar camino desde (6, 1)
WARNING:root:Intento 2 fallido. Reintentando...
INFO:root:Intento 3 de encontrar camino desde (6, 1)
INFO:root:Camino encontrado: [(6, 1), (5, 1), (6, 1), (6, 0), (7, 0), (7, 1), (8, 1), (9, 1), (9, 2), (9, 3), (8, 3), (8, 2), (7, 2), (7, 3), (7, 4), (8, 4), (8, 5), (7, 5), (7, 6), (7, 7), (8, 7), (9, 7), (9, 8), (8, 8), (7, 8), (7, 9), (6, 9), (7, 9), (8, 9), (9, 9)]
INFO:root:Cambio de estado a: Moviendo Jugador
INFO:root:Cambio de estado a: Llegada
INFO:root:Cambio de estado a: Inicio
INFO:root:Cambio de estado a: Buscando Camino (Genético)
INFO:root:Intento 1 de encontrar camino desde (3, 6)
INFO:root:Camino encontrado: [(3, 6), (4, 6), (5, 6), (6, 6), (6, 7), (5, 7), (5, 8), (5, 9), (6, 9), (7, 9), (7, 8), (7, 7), (8, 7), (8, 8), (8, 9), (9, 9)]
INFO:root:Cambio de estado a: Moviendo Jugador
INFO:root:Cambio de estado a: Llegada
